../Core/Src/main.c:67:5:main	8	static
../Core/Src/main.c:113:6:sensorMeio	8	static
../Core/Src/main.c:119:6:sensorEsquerdo	8	static
../Core/Src/main.c:130:6:sensorDireita	8	static
../Core/Src/main.c:145:6:anda	16	static
../Core/Src/main.c:160:6:andaPouco	24	static
../Core/Src/main.c:176:6:para	8	static
../Core/Src/main.c:185:6:gira90	16	static
../Core/Src/main.c:204:6:gira90Nega	16	static
../Core/Src/main.c:226:6:gira180	16	static
../Core/Src/main.c:250:6:desliga	8	static
../Core/Src/main.c:266:6:SystemClock_Config	80	static
../Core/Src/main.c:302:13:MX_TIM1_Init	96	static
../Core/Src/main.c:385:13:MX_TIM3_Init	48	static
../Core/Src/main.c:434:13:MX_GPIO_Init	32	static
../Core/Src/main.c:457:6:Error_Handler	8	static,ignoring_inline_asm
